2.elisp:5:18-18: In call to looking-at: Duplicated `a' inside character alternative (pos 2)
  "[aa]"
   ..^
2.elisp:5:17-17: info: Previous occurrence here (pos 1)
  "[aa]"
   .^
2.elisp:6:25-25: In call to re-search-forward: Duplicated `b' inside character alternative (pos 2)
  "[bb]"
   ..^
2.elisp:6:24-24: info: Previous occurrence here (pos 1)
  "[bb]"
   .^
2.elisp:7:26-26: In call to re-search-backward: Duplicated `c' inside character alternative (pos 2)
  "[cc]"
   ..^
2.elisp:7:25-25: info: Previous occurrence here (pos 1)
  "[cc]"
   .^
2.elisp:8:29-29: In call to search-forward-regexp: Duplicated `B' inside character alternative (pos 2)
  "[BB]"
   ..^
2.elisp:8:28-28: info: Previous occurrence here (pos 1)
  "[BB]"
   .^
2.elisp:9:29-29: In call to search-forward-regexp: Duplicated `C' inside character alternative (pos 2)
  "[CC]"
   ..^
2.elisp:9:28-28: info: Previous occurrence here (pos 1)
  "[CC]"
   .^
2.elisp:10:20-20: In call to string-match: Duplicated `d' inside character alternative (pos 2)
  "[dd]"
   ..^
2.elisp:10:19-19: info: Previous occurrence here (pos 1)
  "[dd]"
   .^
2.elisp:11:22-22: In call to string-match-p: Duplicated `e' inside character alternative (pos 2)
  "[ee]"
   ..^
2.elisp:11:21-21: info: Previous occurrence here (pos 1)
  "[ee]"
   .^
2.elisp:12:20-20: In call to looking-at-p: Duplicated `f' inside character alternative (pos 2)
  "[ff]"
   ..^
2.elisp:12:19-19: info: Previous occurrence here (pos 1)
  "[ff]"
   .^
2.elisp:13:20-20: In call to looking-back: Duplicated `g' inside character alternative (pos 2)
  "[gg]"
   ..^
2.elisp:13:19-19: info: Previous occurrence here (pos 1)
  "[gg]"
   .^
2.elisp:14:32-32: In call to replace-regexp-in-string: Duplicated `h' inside character alternative (pos 2)
  "[hh]"
   ..^
2.elisp:14:31-31: info: Previous occurrence here (pos 1)
  "[hh]"
   .^
2.elisp:15:28-28: In call to query-replace-regexp: Duplicated `j' inside character alternative (pos 2)
  "[jj]"
   ..^
2.elisp:15:27-27: info: Previous occurrence here (pos 1)
  "[jj]"
   .^
2.elisp:16:24-24: In call to posix-looking-at: Duplicated `k' inside character alternative (pos 2)
  "[kk]"
   ..^
2.elisp:16:23-23: info: Previous occurrence here (pos 1)
  "[kk]"
   .^
2.elisp:17:29-29: In call to posix-search-backward: Duplicated `l' inside character alternative (pos 2)
  "[ll]"
   ..^
2.elisp:17:28-28: info: Previous occurrence here (pos 1)
  "[ll]"
   .^
2.elisp:18:28-28: In call to posix-search-forward: Duplicated `m' inside character alternative (pos 2)
  "[mm]"
   ..^
2.elisp:18:27-27: info: Previous occurrence here (pos 1)
  "[mm]"
   .^
2.elisp:19:26-26: In call to posix-string-match: Duplicated `n' inside character alternative (pos 2)
  "[nn]"
   ..^
2.elisp:19:25-25: info: Previous occurrence here (pos 1)
  "[nn]"
   .^
2.elisp:20:37-37: In call to load-history-filename-element: Duplicated `o' inside character alternative (pos 2)
  "[oo]"
   ..^
2.elisp:20:36-36: info: Previous occurrence here (pos 1)
  "[oo]"
   .^
2.elisp:21:29-29: In call to kill-matching-buffers: Duplicated `p' inside character alternative (pos 2)
  "[pp]"
   ..^
2.elisp:21:28-28: info: Previous occurrence here (pos 1)
  "[pp]"
   .^
2.elisp:22:18-18: In call to keep-lines: Duplicated `q' inside character alternative (pos 2)
  "[qq]"
   ..^
2.elisp:22:17-17: info: Previous occurrence here (pos 1)
  "[qq]"
   .^
2.elisp:23:19-19: In call to flush-lines: Duplicated `r' inside character alternative (pos 2)
  "[rr]"
   ..^
2.elisp:23:18-18: info: Previous occurrence here (pos 1)
  "[rr]"
   .^
2.elisp:24:16-16: In call to how-many: Duplicated `s' inside character alternative (pos 2)
  "[ss]"
   ..^
2.elisp:24:15-15: info: Previous occurrence here (pos 1)
  "[ss]"
   .^
2.elisp:25:22-22: In call to split-string: Duplicated `t' inside character alternative (pos 2)
  "[tt]"
   ..^
2.elisp:25:21-21: info: Previous occurrence here (pos 1)
  "[tt]"
   .^
2.elisp:25:33-33: In call to split-string: Duplicated `u' inside character alternative (pos 2)
  "[uu]"
   ..^
2.elisp:25:32-32: info: Previous occurrence here (pos 1)
  "[uu]"
   .^
2.elisp:26:34-34: In call to split-string-and-unquote: Duplicated `v' inside character alternative (pos 2)
  "[vv]"
   ..^
2.elisp:26:33-33: info: Previous occurrence here (pos 1)
  "[vv]"
   .^
2.elisp:27:26-26: In call to string-trim-left: Duplicated `w' inside character alternative (pos 2)
  "[ww]"
   ..^
2.elisp:27:25-25: info: Previous occurrence here (pos 1)
  "[ww]"
   .^
2.elisp:28:27-27: In call to string-trim-right: Duplicated `x' inside character alternative (pos 2)
  "[xx]"
   ..^
2.elisp:28:26-26: info: Previous occurrence here (pos 1)
  "[xx]"
   .^
2.elisp:29:21-21: In call to string-trim: Duplicated `y' inside character alternative (pos 2)
  "[yy]"
   ..^
2.elisp:29:20-20: info: Previous occurrence here (pos 1)
  "[yy]"
   .^
2.elisp:29:28-28: In call to string-trim: Duplicated `z' inside character alternative (pos 2)
  "[zz]"
   ..^
2.elisp:29:27-27: info: Previous occurrence here (pos 1)
  "[zz]"
   .^
2.elisp:30:27-27: In call to directory-files: Unescaped literal `+' (pos 0)
  "+1"
   ^
2.elisp:31:42-42: In call to directory-files-and-attributes: Unescaped literal `+' (pos 0)
  "+2"
   ^
2.elisp:32:35-35: In call to directory-files-recursively: Unescaped literal `+' (pos 0)
  "+3"
   ^
2.elisp:33:27-27: In call to delete-matching-lines: Unescaped literal `+' (pos 0)
  "+4"
   ^
2.elisp:34:31-31: In call to delete-non-matching-lines: Unescaped literal `+' (pos 0)
  "+5"
   ^
2.elisp:35:19-19: In call to count-matches: Unescaped literal `+' (pos 0)
  "+6"
   ^
2.elisp:36:34-34: In call to treesit-induce-sparse-tree: Unescaped literal `+' (pos 0)
  "+7"
   ^
2.elisp:37:30-30: In call to treesit-search-forward: Unescaped literal `+' (pos 0)
  "+8"
   ^
2.elisp:38:35-35: In call to treesit-search-forward-goto: Unescaped literal `+' (pos 0)
  "+9"
   ^
2.elisp:39:30-30: In call to treesit-search-subtree: Unescaped literal `+' (pos 0)
  "+10"
   ^
2.elisp:52:17-17: In call to f2: Duplicated `B' inside character alternative (pos 2)
  "[BB]"
   ..^
2.elisp:52:16-16: info: Previous occurrence here (pos 1)
  "[BB]"
   .^
2.elisp:52:31-31: In call to f2: Duplicated `D' inside character alternative (pos 2)
  "[DD]"
   ..^
2.elisp:52:30-30: info: Previous occurrence here (pos 1)
  "[DD]"
   .^
2.elisp:52:45-45: In call to f2: Duplicated `F' inside character alternative (pos 2)
  "[FF]"
   ..^
2.elisp:52:44-44: info: Previous occurrence here (pos 1)
  "[FF]"
   .^
2.elisp:52:59-59: In call to f2: Duplicated `H' inside character alternative (pos 2)
  "[HH]"
   ..^
2.elisp:52:58-58: info: Previous occurrence here (pos 1)
  "[HH]"
   .^
2.elisp:52:73-73: In call to f2: Duplicated `J' inside character alternative (pos 2)
  "[JJ]"
   ..^
2.elisp:52:72-72: info: Previous occurrence here (pos 1)
  "[JJ]"
   .^
2.elisp:53:17-17: In call to s2: Duplicated `B' inside character alternative (pos 2)
  "[BB]"
   ..^
2.elisp:53:16-16: info: Previous occurrence here (pos 1)
  "[BB]"
   .^
2.elisp:53:31-31: In call to s2: Duplicated `D' inside character alternative (pos 2)
  "[DD]"
   ..^
2.elisp:53:30-30: info: Previous occurrence here (pos 1)
  "[DD]"
   .^
2.elisp:53:45-45: In call to s2: Duplicated `F' inside character alternative (pos 2)
  "[FF]"
   ..^
2.elisp:53:44-44: info: Previous occurrence here (pos 1)
  "[FF]"
   .^
2.elisp:53:59-59: In call to s2: Duplicated `H' inside character alternative (pos 2)
  "[HH]"
   ..^
2.elisp:53:58-58: info: Previous occurrence here (pos 1)
  "[HH]"
   .^
2.elisp:53:73-73: In call to s2: Duplicated `J' inside character alternative (pos 2)
  "[JJ]"
   ..^
2.elisp:53:72-72: info: Previous occurrence here (pos 1)
  "[JJ]"
   .^
2.elisp:54:17-17: In call to m2: Duplicated `B' inside character alternative (pos 2)
  "[BB]"
   ..^
2.elisp:54:16-16: info: Previous occurrence here (pos 1)
  "[BB]"
   .^
2.elisp:54:31-31: In call to m2: Duplicated `D' inside character alternative (pos 2)
  "[DD]"
   ..^
2.elisp:54:30-30: info: Previous occurrence here (pos 1)
  "[DD]"
   .^
2.elisp:54:45-45: In call to m2: Duplicated `F' inside character alternative (pos 2)
  "[FF]"
   ..^
2.elisp:54:44-44: info: Previous occurrence here (pos 1)
  "[FF]"
   .^
2.elisp:54:59-59: In call to m2: Duplicated `H' inside character alternative (pos 2)
  "[HH]"
   ..^
2.elisp:54:58-58: info: Previous occurrence here (pos 1)
  "[HH]"
   .^
2.elisp:54:73-73: In call to m2: Duplicated `J' inside character alternative (pos 2)
  "[JJ]"
   ..^
2.elisp:54:72-72: info: Previous occurrence here (pos 1)
  "[JJ]"
   .^
2.elisp:62:17-17: In call to f5: Duplicated `b' inside character alternative (pos 2)
  "[bb]"
   ..^
2.elisp:62:16-16: info: Previous occurrence here (pos 1)
  "[bb]"
   .^
2.elisp:62:24-24: In call to f5: Duplicated `c' inside character alternative (pos 2)
  "[cc]"
   ..^
2.elisp:62:23-23: info: Previous occurrence here (pos 1)
  "[cc]"
   .^
2.elisp:62:31-31: In call to f5: Duplicated `d' inside character alternative (pos 2)
  "[dd]"
   ..^
2.elisp:62:30-30: info: Previous occurrence here (pos 1)
  "[dd]"
   .^
2.elisp:65:26-26: In :regexp parameter: Duplicated `1' inside character alternative (pos 2)
  "[11]"
   ..^
2.elisp:65:25-25: info: Previous occurrence here (pos 1)
  "[11]"
   .^
2.elisp:66:20-20: In :regex parameter: Duplicated `2' inside character alternative (pos 2)
  "[22]"
   ..^
2.elisp:66:19-19: info: Previous occurrence here (pos 1)
  "[22]"
   .^
2.elisp:69:31-31: In call to sort-regexp-fields: Unescaped literal `$' (pos 3)
  "^.*$x"
   ...^
2.elisp:70:35-37: In call to sort-regexp-fields: Escaped non-special character `%' (pos 0..1)
  "\\%"
   ^^^
